 CHR          SNP        N_SIG        N_TOT         PROP   BEST_CHISQ BEST_CHR     BEST_SNP 
   1      nullA_0            0          339            0        3.965    1      nullC_9 
   1      nullA_1            0          371            0        5.909    1     nullC_26 
   1      nullA_2            0          315            0       0.5256    1    disease_6 
   1      nullA_3            0          249            0       0.2421    1   disease_60 
   1      nullA_4            0          374            0         5.97    1     nullC_35 
   1      nullA_5            0          262            0       0.4477    1   disease_26 
   1      nullA_6            0          314            0       0.5818    1   disease_25 
   1      nullA_7            0          363            0        7.548    1     nullC_79 
   1      nullA_8            0          372            0        6.137    1   disease_62 
   1      nullA_9            2          370     0.005405        7.448    1     nullC_24 
   1     nullA_12            0          329            0        3.499    1      nullC_6 
   1     nullA_13            0          265            0       0.2744    1   disease_73 
   1     nullA_14            0          246            0       0.3027    1   disease_97 
   1     nullA_16            0          350            0        5.151    1     nullB_16 
   1     nullA_17            0          254            0       0.5477    1    disease_5 
   1     nullA_18            1          371     0.002695        7.445    1     nullC_44 
   1     nullA_19            0          312            0        4.431    1    disease_8 
   1     nullA_20            0          227            0       0.2809    1   disease_37 
   1     nullA_21            1          368     0.002717        7.051    1   disease_30 
   1     nullA_22            0          348            0        4.439    1   disease_83 
   1     nullA_23            0          368            0        5.776    1    disease_4 
   1     nullA_24            0          315            0         4.14    1   disease_46 
   1     nullA_25            0          242            0       0.1786    1   disease_84 
   1     nullA_26            0          326            0        4.218    1     nullA_85 
   1     nullA_27            0          309            0         4.37    1   disease_21 
   1     nullA_28            0          241            0       0.5181    1   disease_86 
   1     nullA_29            0          336            0        4.736    1     nullB_89 
   1     nullA_31            0          364            0        6.255    1   disease_33 
   1     nullA_32            0          351            0        5.623    1     nullB_81 
   1     nullA_33            0          327            0       0.5112    1   disease_74 
   1     nullA_34            0          333            0        4.081    1    disease_7 
   1     nullA_35            0          238            0       0.3382    1     nullC_99 
   1     nullA_36            0          231            0       0.2425    1   disease_20 
   1     nullA_37            0          364            0        5.366    1   disease_32 
   1     nullA_38            0          358            0        7.478    1     nullC_75 
   1     nullA_39            0          303            0        2.879    1      nullC_9 
   1     nullA_40            0          242            0       0.2309    1    disease_4 
   1     nullA_41            0          352            0        4.554    1   disease_64 
   1     nullA_42            0          367            0         5.39    1     nullA_85 
   1     nullA_43            0          373            0        8.311    1     nullC_48 
   1     nullA_44            0          365            0        4.905    1     nullC_64 
   1     nullA_45            0          350            0        4.442    1     nullC_27 
   1     nullA_46            0          297            0        3.992    1   disease_48 
   1     nullA_47            0          305            0       0.6557    1   disease_16 
   1     nullA_50            0          358            0        5.561    1   disease_34 
   1     nullA_51            0          309            0        4.003    1   disease_86 
   1     nullA_52            0          235            0       0.2972    1   disease_22 
   1     nullA_55            0          368            0        6.553    1   disease_71 
   1     nullA_56            0          373            0        6.329    1   disease_54 
   1     nullA_57            0          357            0        5.172    1     nullC_61 
   1     nullA_58            0          362            0        4.628    1   disease_51 
   1     nullA_59            0          373            0        5.373    1   disease_94 
   1     nullA_60            0          234            0       0.2998    1   disease_22 
   1     nullA_61            0          366            0        6.691    1   disease_19 
   1     nullA_62            1          375     0.002667        11.44    1   disease_55 
   1     nullA_63            1          368     0.002717         9.11    1   disease_52 
   1     nullA_64            0          360            0        1.417    1     nullC_49 
   1     nullA_65            0          362            0        5.627    1   disease_97 
   1     nullA_67            0          359            0        4.722    1     nullC_54 
   1     nullA_69            0          363            0        6.035    1   disease_97 
   1     nullA_70            0          214            0       0.3478    1   disease_18 
   1     nullA_72            0          337            0        5.122    1    disease_6 
   1     nullA_73            0          330            0        4.314    1     nullB_88 
   1     nullA_74            0          369            0        5.294    1   disease_61 
   1     nullA_75            0          337            0        4.097    1     nullC_40 
   1     nullA_77            0          257            0       0.3306    1    disease_8 
   1     nullA_78            0          245            0       0.2295    1   disease_68 
   1     nullA_80            0          368            0        7.613    1   disease_73 
   1     nullA_82            0          308            0        4.456    1   disease_62 
   1     nullA_83            0          235            0       0.6462    1   disease_64 
   1     nullA_84            0          356            0        5.048    1      nullC_7 
   1     nullA_85            0          362            0         5.39    1     nullA_42 
   1     nullA_86            0          298            0       0.2305    1   disease_61 
   1     nullA_87            0          375            0        6.019    1   disease_20 
   1     nullA_89            0          352            0        9.199    1    disease_8 
   1     nullA_90            0          357            0        5.719    1     nullB_44 
   1     nullA_92            0          353            0        6.515    1   disease_54 
   1     nullA_93            0          236            0       0.3927    1   disease_93 
   1     nullA_96            0          313            0       0.3494    1     nullB_13 
   1     nullA_97            0          244            0       0.2815    1   disease_53 
   1     nullA_98            0          356            0        4.811    1     nullB_52 
   1      nullB_0            1          375     0.002667        9.173    1   disease_29 
   1      nullB_1            1          371     0.002695        10.43    1   disease_46 
   1      nullB_2            1          373     0.002681        10.42    1    disease_4 
   1      nullB_3            0          372            0        7.585    1   disease_16 
   1      nullB_4            2          376     0.005319        9.355    1   disease_22 
   1      nullB_5            0          371            0        7.036    1   disease_20 
   1      nullB_6            2          371     0.005391        9.256    1     nullC_30 
   1      nullB_7            1          375     0.002667        9.436    1   disease_73 
   1      nullB_8            1          371     0.002695        9.923    1     nullC_75 
   1      nullB_9            0          376            0        6.683    1   disease_71 
   1     nullB_10            0          375            0        7.438    1     nullC_42 
   1     nullB_11            3          369      0.00813        10.69    1   disease_58 
   1     nullB_12            0          370            0        6.999    1   disease_23 
   1     nullB_13            0          372            0        9.488    1     nullC_78 
   1     nullB_14            0          371            0        9.091    1   disease_65 
   1     nullB_15            1          374     0.002674        8.783    1     nullC_44 
   1     nullB_16            0          372            0        6.155    1   disease_82 
   1     nullB_17            0          370            0        4.785    1     nullA_74 
   1     nullB_18            0          372            0        5.316    1   disease_29 
   1     nullB_19            0          374            0        7.689    1   disease_70 
   1     nullB_20            1          366     0.002732        8.426    1     nullC_34 
   1     nullB_21            1          371     0.002695        7.526    1     nullC_77 
   1     nullB_22            0          372            0        6.306    1   disease_64 
   1     nullB_23            1          375     0.002667        8.623    1   disease_22 
   1     nullB_24            2          369      0.00542        10.35    1   disease_42 
   1     nullB_25            0          375            0        8.903    1     nullC_46 
   1     nullB_26            0          371            0        6.266    1   disease_74 
   1     nullB_27            1          374     0.002674        8.335    1   disease_74 
   1     nullB_28            0          372            0        8.384    1   disease_97 
   1     nullB_29            0          374            0        8.696    1    disease_1 
   1     nullB_30            1          370     0.002703        9.332    1      nullC_1 
   1     nullB_31            2          373     0.005362        9.414    1   disease_53 
   1     nullB_32            0          374            0        7.849    1   disease_78 
   1     nullB_33            0          374            0        7.316    1   disease_50 
   1     nullB_34            1          374     0.002674         13.2    1   disease_20 
   1     nullB_35            3          372     0.008065        11.48    1   disease_38 
   1     nullB_36            1          374     0.002674         10.5    1     nullC_65 
   1     nullB_37            1          377     0.002653        9.798    1     nullC_79 
   1     nullB_38            0          375            0        8.511    1   disease_46 
   1     nullB_39            0          372            0        9.213    1   disease_30 
   1     nullB_40            2          368     0.005435        10.42    1   disease_42 
   1     nullB_41            2          373     0.005362        12.06    1   disease_43 
   1     nullB_42            1          369      0.00271         10.4    1   disease_92 
   1     nullB_43            0          372            0        6.592    1   disease_34 
   1     nullB_44            1          372     0.002688         7.18    1     nullC_68 
   1     nullB_45            2          373     0.005362        11.41    1   disease_13 
   1     nullB_46            0          373            0        9.011    1   disease_24 
   1     nullB_47            0          373            0        9.036    1   disease_32 
   1     nullB_48            0          370            0        6.332    1   disease_16 
   1     nullB_49            0          372            0        7.924    1      nullC_4 
   1     nullB_50            3          373     0.008043        9.316    1   disease_68 
   1     nullB_51            0          372            0        6.818    1     nullC_76 
   1     nullB_52            0          371            0        8.233    1     nullC_78 
   1     nullB_53            0          370            0        7.843    1   disease_62 
   1     nullB_54            0          368            0        8.282    1   disease_91 
   1     nullB_55            1          374     0.002674        8.686    1     nullC_34 
   1     nullB_56            2          371     0.005391        10.22    1     nullC_48 
   1     nullB_57            0          370            0        7.213    1   disease_26 
   1     nullB_58            0          374            0        6.863    1   disease_20 
   1     nullB_59            2          373     0.005362         10.3    1   disease_82 
   1     nullB_60            1          368     0.002717        8.058    1   disease_36 
   1     nullB_61            2          373     0.005362        9.835    1   disease_50 
   1     nullB_62            0          369            0        6.796    1   disease_33 
   1     nullB_63            2          374     0.005348        12.21    1   disease_20 
   1     nullB_64            0          373            0        6.488    1   disease_27 
   1     nullB_65            0          370            0         6.34    1   disease_77 
   1     nullB_66            1          372     0.002688        7.928    1     nullC_32 
   1     nullB_67            0          370            0        6.919    1   disease_16 
   1     nullB_68            0          373            0        7.978    1    disease_1 
   1     nullB_69            2          373     0.005362        9.593    1   disease_20 
   1     nullB_70            0          373            0        6.137    1   disease_80 
   1     nullB_71            0          371            0        8.557    1     nullC_79 
   1     nullB_72            1          367     0.002725        10.09    1     nullC_92 
   1     nullB_73            0          372            0        5.882    1     nullB_28 
   1     nullB_74            0          374            0        8.062    1   disease_44 
   1     nullB_75            0          369            0        6.593    1   disease_91 
   1     nullB_76            0          372            0        11.28    1     nullC_79 
   1     nullB_77            1          374     0.002674        8.218    1     nullB_96 
   1     nullB_78            1          375     0.002667        8.771    1   disease_94 
   1     nullB_79            0          371            0        8.306    1   disease_73 
   1     nullB_80            0          374            0        6.613    1     nullC_17 
   1     nullB_81            2          371     0.005391        9.421    1   disease_13 
   1     nullB_82            0          373            0        6.491    1   disease_85 
   1     nullB_83            0          372            0        8.441    1   disease_28 
   1     nullB_84            0          373            0        6.817    1   disease_28 
   1     nullB_85            0          368            0        7.146    1   disease_22 
   1     nullB_86            2          371     0.005391        9.806    1   disease_33 
   1     nullB_87            0          371            0        8.057    1   disease_71 
   1     nullB_88            1          375     0.002667        8.562    1   disease_52 
   1     nullB_89            0          373            0        7.302    1   disease_25 
   1     nullB_90            1          374     0.002674        9.973    1   disease_44 
   1     nullB_91            0          372            0        8.374    1   disease_51 
   1     nullB_92            0          370            0        6.109    1   disease_70 
   1     nullB_93            1          370     0.002703        9.447    1   disease_52 
   1     nullB_94            0          374            0        6.468    1   disease_70 
   1     nullB_95            0          376            0        5.647    1     nullC_22 
   1     nullB_96            1          374     0.002674          8.9    1     nullC_49 
   1     nullB_97            2          374     0.005348        7.885    1   disease_52 
   1     nullB_98            0          370            0         7.95    1   disease_17 
   1     nullB_99            1          371     0.002695        7.816    1   disease_22 
   1      nullC_0            1          361      0.00277        14.41    1   disease_52 
   1      nullC_1            3          368     0.008152        9.332    1     nullB_30 
   1      nullC_2            3          370     0.008108        14.61    1     nullC_90 
   1      nullC_3            3          368     0.008152        12.34    1   disease_43 
   1      nullC_4            3          372     0.008065        12.73    1   disease_54 
   1      nullC_5            2          367      0.00545        14.27    1   disease_43 
   1      nullC_6            1          370     0.002703        18.83    1    disease_1 
   1      nullC_7            0          367            0        9.465    1   disease_32 
   1      nullC_8            0          371            0        8.583    1     nullC_62 
   1      nullC_9            1          361      0.00277        11.22    1   disease_80 
   1     nullC_10            3          371     0.008086        13.33    1     nullC_93 
   1     nullC_11            1          365      0.00274        9.509    1   disease_83 
   1     nullC_12            3          368     0.008152        10.53    1   disease_94 
   1     nullC_13            3          369      0.00813        9.292    1   disease_93 
   1     nullC_14            0          364            0        7.114    1     nullC_58 
   1     nullC_15            1          370     0.002703        7.923    1   disease_65 
   1     nullC_16            1          371     0.002695        9.775    1   disease_53 
   1     nullC_17            1          370     0.002703        8.784    1   disease_95 
   1     nullC_18            2          372     0.005376        7.923    1     nullC_55 
   1     nullC_19            4          368      0.01087        13.46    1   disease_60 
   1     nullC_20            0          376            0        8.558    1   disease_41 
   1     nullC_21            2          365     0.005479        12.73    1   disease_77 
   1     nullC_22            2          366     0.005464        14.18    1   disease_73 
   1     nullC_23            3          366     0.008197        9.648    1   disease_58 
   1     nullC_24            3          369      0.00813        12.02    1    disease_4 
   1     nullC_25            3          371     0.008086        12.32    1   disease_36 
   1     nullC_26            2          369      0.00542        9.971    1     nullC_59 
   1     nullC_27            2          372     0.005376        7.174    1     nullC_96 
   1     nullC_28            4          368      0.01087        11.64    1   disease_43 
   1     nullC_29            0          370            0        5.872    1     nullC_58 
   1     nullC_30            2          368     0.005435        9.256    1      nullB_6 
   1     nullC_31            0          368            0        8.869    1     nullC_62 
   1     nullC_32            1          366     0.002732        7.928    1     nullB_66 
   1     nullC_33            1          373     0.002681        10.38    1      nullC_2 
   1     nullC_34            3          368     0.008152        10.68    1   disease_80 
   1     nullC_35            0          370            0        8.463    1   disease_82 
   1     nullC_36            3          367     0.008174        10.33    1   disease_18 
   1     nullC_37            1          368     0.002717        9.181    1   disease_61 
   1     nullC_38            1          370     0.002703        8.294    1    disease_5 
   1     nullC_39            0          366            0        7.658    1   disease_40 
   1     nullC_40            2          371     0.005391        9.934    1      nullC_4 
   1     nullC_41            1          365      0.00274        12.56    1   disease_32 
   1     nullC_42            1          371     0.002695         11.9    1   disease_15 
   1     nullC_43            2          369      0.00542        13.83    1   disease_25 
   1     nullC_44            4          373      0.01072        12.89    1     nullC_90 
   1     nullC_45            0          368            0        9.398    1     nullC_79 
   1     nullC_46            1          370     0.002703        8.903    1     nullB_25 
   1     nullC_47            4          373      0.01072        11.63    1   disease_43 
   1     nullC_48            1          369      0.00271        10.22    1     nullB_56 
   1     nullC_49            0          368            0          8.9    1     nullB_96 
   1     nullC_50            1          371     0.002695        7.965    1     nullC_23 
   1     nullC_51            3          370     0.008108        15.54    1   disease_77 
   1     nullC_52            2          369      0.00542        10.06    1   disease_54 
   1     nullC_53            2          368     0.005435        11.25    1   disease_36 
   1     nullC_54            2          366     0.005464        14.68    1   disease_28 
   1     nullC_55            3          369      0.00813        9.654    1     nullC_52 
   1     nullC_56            0          367            0        10.04    1   disease_70 
   1     nullC_57            1          364     0.002747        8.555    1      nullC_7 
   1     nullC_58            0          362            0        12.87    1   disease_40 
   1     nullC_59            4          368      0.01087        11.38    1     nullC_98 
   1     nullC_60            1          371     0.002695        14.57    1   disease_57 
   1     nullC_61            1          371     0.002695        9.676    1   disease_68 
   1     nullC_62            0          371            0        8.894    1   disease_91 
   1     nullC_63            1          371     0.002695        9.214    1   disease_17 
   1     nullC_64            2          371     0.005391        9.552    1   disease_31 
   1     nullC_65            3          371     0.008086         10.5    1     nullB_36 
   1     nullC_66            2          370     0.005405        11.11    1   disease_42 
   1     nullC_67            4          369      0.01084        10.56    1   disease_27 
   1     nullC_68            0          367            0        12.39    1   disease_66 
   1     nullC_69            3          370     0.008108        10.59    1   disease_70 
   1     nullC_70            3          369      0.00813        13.64    1   disease_62 
   1     nullC_71            2          375     0.005333         10.6    1   disease_91 
   1     nullC_72            0          373            0        8.051    1   disease_43 
   1     nullC_73            2          368     0.005435        9.613    1   disease_25 
   1     nullC_74            1          370     0.002703        10.03    1     nullC_78 
   1     nullC_75            1          366     0.002732        9.923    1      nullB_8 
   1     nullC_76            1          370     0.002703        11.71    1    disease_2 
   1     nullC_77            2          370     0.005405        7.526    1     nullB_21 
   1     nullC_78            1          371     0.002695        10.03    1     nullC_74 
   1     nullC_79            1          366     0.002732        13.06    1     nullC_87 
   1     nullC_80            0          373            0        8.111    1      nullC_8 
   1     nullC_81            1          370     0.002703         9.99    1   disease_17 
   1     nullC_82            0          372            0        6.807    1   disease_92 
   1     nullC_83            3          361      0.00831        19.56    1   disease_60 
   1     nullC_84            0          371            0        7.702    1   disease_40 
   1     nullC_85            3          368     0.008152        13.24    1   disease_52 
   1     nullC_86            0          374            0         7.94    1     nullC_76 
   1     nullC_87            2          367      0.00545        13.06    1     nullC_79 
   1     nullC_88            0          372            0        9.184    1   disease_81 
   1     nullC_89            2          366     0.005464        9.972    1   disease_97 
   1     nullC_90            2          369      0.00542        14.61    1      nullC_2 
   1     nullC_91            1          367     0.002725        9.069    1   disease_48 
   1     nullC_92            1          366     0.002732        10.09    1     nullB_72 
   1     nullC_93            1          370     0.002703        13.33    1     nullC_10 
   1     nullC_94            3          368     0.008152        11.52    1   disease_43 
   1     nullC_95            3          367     0.008174        9.104    1   disease_32 
   1     nullC_96            4          363      0.01102         11.7    1   disease_33 
   1     nullC_97            0          366            0        8.804    1   disease_38 
   1     nullC_98            4          373      0.01072        12.29    1   disease_13 
   1     nullC_99            0          365            0          9.3    1   disease_97 
   1    disease_0            4          358      0.01117        11.09    1     nullC_66 
   1    disease_1            7          339      0.02065        22.46    1   disease_40 
   1    disease_2            0          354            0        12.79    1   disease_29 
   1    disease_3            0          124            0        2.427    1      nullC_8 
   1    disease_4            5          360      0.01389        14.76    1   disease_61 
   1    disease_5            1          358     0.002793        8.294    1     nullC_38 
   1    disease_6            3          359     0.008357        17.55    1   disease_16 
   1    disease_7            2          360     0.005556        10.78    1   disease_84 
   1    disease_8            1          364     0.002747        15.55    1   disease_53 
   1    disease_9            0          332            0        7.018    1   disease_73 
   1   disease_10            0          308            0        6.355    1   disease_71 
   1   disease_11            2          344     0.005814        9.785    1   disease_83 
   1   disease_12            1          311     0.003215        11.56    1   disease_71 
   1   disease_13            4          343      0.01166        13.95    1   disease_22 
   1   disease_14            2          322     0.006211        12.63    1    disease_4 
   1   disease_15            3          344     0.008721         11.9    1     nullC_42 
   1   disease_16            6          355       0.0169        17.55    1    disease_6 
   1   disease_17            5          351      0.01425        11.63    1   disease_85 
   1   disease_18            2          349     0.005731        12.33    1   disease_71 
   1   disease_19            2          365     0.005479        14.31    1   disease_46 
   1   disease_20            4          346      0.01156        13.65    1   disease_86 
   1   disease_21            0          364            0        9.022    1   disease_18 
   1   disease_22            3          358      0.00838        13.95    1   disease_13 
   1   disease_23            0          361            0        8.015    1     nullB_71 
   1   disease_24            2          352     0.005682        15.67    1   disease_77 
   1   disease_25            7          362      0.01934         18.1    1   disease_30 
   1   disease_26            3          313     0.009585        18.07    1   disease_29 
   1   disease_27            4          365      0.01096        14.05    1   disease_32 
   1   disease_28            5          354      0.01412        16.09    1    disease_1 
   1   disease_29            1          362     0.002762        18.07    1   disease_26 
   1   disease_30            3          361      0.00831         18.1    1   disease_25 
   1   disease_31            1          352     0.002841         12.9    1   disease_40 
   1   disease_32            3          359     0.008357        17.69    1   disease_53 
   1   disease_33            4          354       0.0113        14.17    1   disease_64 
   1   disease_34            0          363            0        6.999    1   disease_73 
   1   disease_35            0          366            0         5.58    1   disease_32 
   1   disease_36            3          351     0.008547        13.84    1   disease_84 
   1   disease_37            0          351            0        9.508    1    disease_7 
   1   disease_38            2          354      0.00565        16.32    1   disease_61 
   1   disease_39            2          370     0.005405         10.2    1   disease_64 
   1   disease_40            2          349     0.005731        22.46    1    disease_1 
   1   disease_41            0          342            0        12.92    1   disease_22 
   1   disease_42            5          357      0.01401        12.45    1   disease_16 
   1   disease_43            6          361      0.01662        14.27    1      nullC_5 
   1   disease_44            5          346      0.01445        17.76    1   disease_25 
   1   disease_45            0          326            0        4.471    1   disease_53 
   1   disease_46            4          366      0.01093        14.35    1   disease_79 
   1   disease_47            0          256            0        2.059    1     nullC_55 
   1   disease_48            2          355     0.005634        11.27    1   disease_70 
   1   disease_49            5          364      0.01374         9.33    1   disease_30 
   1   disease_50            3          360     0.008333        13.71    1   disease_16 
   1   disease_51            0          346            0        10.42    1   disease_73 
   1   disease_52            4          351       0.0114        14.41    1      nullC_0 
   1   disease_53            8          354       0.0226        17.69    1   disease_32 
   1   disease_54            3          352     0.008523        12.73    1      nullC_4 
   1   disease_55            6          358      0.01676        19.17    1   disease_64 
   1   disease_56            1          314     0.003185        9.813    1   disease_28 
   1   disease_57            2          350     0.005714        14.57    1     nullC_60 
   1   disease_58            4          359      0.01114        14.24    1   disease_93 
   1   disease_59            2          293     0.006826        11.75    1     nullC_83 
   1   disease_60            7          362      0.01934        19.56    1     nullC_83 
   1   disease_61            3          356     0.008427        16.32    1   disease_38 
   1   disease_62            6          364      0.01648        15.99    1   disease_65 
   1   disease_63            0          371            0        8.486    1   disease_18 
   1   disease_64            3          365     0.008219        19.17    1   disease_55 
   1   disease_65            1          343     0.002915        15.99    1   disease_62 
   1   disease_66            3          333     0.009009        13.78    1   disease_72 
   1   disease_67            0          339            0        9.142    1   disease_57 
   1   disease_68            4          331      0.01208        13.81    1   disease_81 
   1   disease_69            0          371            0        7.178    1   disease_18 
   1   disease_70            3          342     0.008772        14.01    1   disease_44 
   1   disease_71            3          353     0.008499        17.33    1   disease_44 
   1   disease_72            1          354     0.002825        13.78    1   disease_66 
   1   disease_73            2          345     0.005797        14.18    1     nullC_22 
   1   disease_74            3          369      0.00813        10.25    1   disease_55 
   1   disease_75            0          367            0        7.404    1   disease_86 
   1   disease_76            1          358     0.002793        15.28    1   disease_71 
   1   disease_77            5          354      0.01412        17.38    1   disease_55 
   1   disease_78            1          355     0.002817         10.4    1     nullC_79 
   1   disease_79            2          306     0.006536        14.35    1   disease_46 
   1   disease_80            3          347     0.008646        12.93    1   disease_68 
   1   disease_81            4          358      0.01117         14.7    1   disease_16 
   1   disease_82            4          356      0.01124        13.66    1   disease_66 
   1   disease_83            4          348      0.01149        10.49    1    disease_0 
   1   disease_84            8          340      0.02353        14.56    1   disease_93 
   1   disease_85            3          358      0.00838        16.53    1    disease_6 
   1   disease_86            2          344     0.005814        13.65    1   disease_20 
   1   disease_87            0          344            0        8.552    1   disease_51 
   1   disease_88            0          363            0        4.644    1     nullB_82 
   1   disease_89            1          370     0.002703        10.92    1     nullB_35 
   1   disease_90            0          308            0        3.275    1     nullB_81 
   1   disease_91            1          336     0.002976        11.71    1   disease_22 
   1   disease_92            2          341     0.005865        11.43    1   disease_54 
   1   disease_93            6          351      0.01709        14.56    1   disease_84 
   1   disease_94            1          350     0.002857        11.24    1   disease_30 
   1   disease_95            2          315     0.006349        10.61    1   disease_84 
   1   disease_96            0          373            0        7.312    1     nullC_71 
   1   disease_97            2          361      0.00554        13.68    1   disease_28 
   1   disease_98            0          260            0        8.911    1   disease_92 
   1   disease_99            0          360            0        8.557    1   disease_64 
