 CHR          SNP        N_SIG        N_TOT         PROP   BEST_CHISQ BEST_CHR     BEST_SNP 
   1      nullA_0            1          398     0.002513           11    1     nullC_13 
   1      nullA_1            5          398      0.01256        15.86    1   disease_43 
   1      nullA_2            0          398            0        7.613    1   disease_12 
   1      nullA_3            0          398            0        8.447    1   disease_66 
   1      nullA_4            0          398            0        12.86    1     nullA_96 
   1      nullA_5            4          398      0.01005        12.72    1   disease_53 
   1      nullA_6            0          398            0        10.85    1   disease_76 
   1      nullA_7            7          398      0.01759        15.54    1    disease_8 
   1      nullA_8            2          398     0.005025        19.71    1     nullB_22 
   1      nullA_9            0          398            0        11.33    1   disease_90 
   1     nullA_10            0          398            0        7.685    1   disease_33 
   1     nullA_11            4          398      0.01005        11.87    1   disease_45 
   1     nullA_12            0          398            0        9.178    1   disease_98 
   1     nullA_13            0          398            0        11.77    1   disease_74 
   1     nullA_14            1          398     0.002513        16.08    1   disease_97 
   1     nullA_15            0          398            0        12.39    1   disease_39 
   1     nullA_16            1          398     0.002513        14.79    1      nullB_8 
   1     nullA_17            2          398     0.005025         10.1    1   disease_58 
   1     nullA_18            0          398            0        11.18    1   disease_88 
   1     nullA_19            6          398      0.01508        16.58    1     nullB_49 
   1     nullA_20            1          398     0.002513        13.72    1   disease_59 
   1     nullA_21            1          398     0.002513        12.46    1     nullC_76 
   1     nullA_22            3          398     0.007538        11.14    1     nullC_12 
   1     nullA_23            0          398            0        9.599    1   disease_20 
   1     nullA_24            0          398            0        10.47    1   disease_16 
   1     nullA_25            0          398            0        8.218    1     nullC_32 
   1     nullA_26            1          398     0.002513        11.72    1     nullC_50 
   1     nullA_28            2          398     0.005025        19.13    1   disease_39 
   1     nullA_29            2          398     0.005025        11.02    1     nullC_24 
   1     nullA_30            1          398     0.002513        13.72    1   disease_50 
   1     nullA_31            3          398     0.007538        11.88    1   disease_81 
   1     nullA_32            1          398     0.002513         10.6    1     nullC_40 
   1     nullA_33            0          398            0        12.57    1   disease_27 
   1     nullA_34            1          398     0.002513        14.71    1   disease_58 
   1     nullA_35            0          398            0        9.078    1   disease_15 
   1     nullA_36            0          398            0         12.6    1   disease_16 
   1     nullA_37            0          398            0        12.31    1     nullA_33 
   1     nullA_38            0          398            0        7.731    1     nullC_75 
   1     nullA_39            2          398     0.005025        17.38    1     nullC_84 
   1     nullA_40            1          398     0.002513         12.7    1   disease_71 
   1     nullA_41            2          398     0.005025        19.39    1   disease_75 
   1     nullA_42            2          398     0.005025        15.85    1   disease_93 
   1     nullA_43            4          398      0.01005        13.77    1   disease_88 
   1     nullA_44            1          398     0.002513        14.08    1     nullC_45 
   1     nullA_45            2          398     0.005025        15.35    1   disease_76 
   1     nullA_46            0          398            0        7.945    1   disease_24 
   1     nullA_47            3          398     0.007538        17.54    1     nullC_33 
   1     nullA_48            1          398     0.002513        15.36    1      nullC_0 
   1     nullA_49            0          398            0        11.83    1   disease_49 
   1     nullA_50            0          398            0        7.686    1   disease_96 
   1     nullA_51            0          398            0        13.23    1     nullB_87 
   1     nullA_52            3          398     0.007538        11.39    1     nullC_89 
   1     nullA_53            1          398     0.002513        15.17    1     nullC_59 
   1     nullA_54            3          398     0.007538        13.69    1     nullC_49 
   1     nullA_55            0          398            0           10    1     nullC_84 
   1     nullA_56            2          398     0.005025        11.15    1     nullB_57 
   1     nullA_57            4          398      0.01005        14.76    1     nullC_54 
   1     nullA_58            1          398     0.002513         9.57    1     nullC_84 
   1     nullA_59            0          398            0        10.93    1   disease_53 
   1     nullA_60            0          398            0        12.18    1      nullC_0 
   1     nullA_61            3          398     0.007538        16.11    1     nullC_16 
   1     nullA_62            1          398     0.002513        10.13    1   disease_57 
   1     nullA_63            0          398            0        12.38    1     nullC_29 
   1     nullA_64            3          398     0.007538        14.02    1     nullC_64 
   1     nullA_65            2          398     0.005025        10.78    1   disease_34 
   1     nullA_66            0          398            0         8.29    1   disease_62 
   1     nullA_67            1          398     0.002513        10.11    1   disease_19 
   1     nullA_68            0          398            0        10.89    1   disease_21 
   1     nullA_69            0          398            0        8.855    1   disease_59 
   1     nullA_70            1          398     0.002513         13.9    1     nullB_19 
   1     nullA_71            0          398            0        9.317    1     nullC_68 
   1     nullA_72            4          398      0.01005        11.22    1     nullB_40 
   1     nullA_73            2          398     0.005025        18.05    1     nullC_68 
   1     nullA_74            0          398            0        10.59    1    disease_8 
   1     nullA_75            0          398            0        10.21    1     nullC_55 
   1     nullA_76            0          398            0        9.775    1   disease_62 
   1     nullA_77            1          398     0.002513        13.81    1   disease_43 
   1     nullA_78            0          398            0        7.413    1   disease_25 
   1     nullA_79            0          398            0         8.21    1     nullB_23 
   1     nullA_80            2          398     0.005025         9.88    1   disease_81 
   1     nullA_81            0          398            0        10.02    1     nullC_34 
   1     nullA_82            1          398     0.002513        17.43    1   disease_53 
   1     nullA_83            0          398            0        9.921    1     nullC_40 
   1     nullA_84            3          398     0.007538        9.767    1     nullC_99 
   1     nullA_85            2          398     0.005025        12.95    1   disease_37 
   1     nullA_86            2          398     0.005025         10.7    1     nullC_18 
   1     nullA_87            0          398            0        8.635    1    disease_2 
   1     nullA_88            0          398            0        11.12    1   disease_15 
   1     nullA_89            1          398     0.002513         9.31    1   disease_57 
   1     nullA_90            2          398     0.005025         9.91    1     nullC_32 
   1     nullA_91            1          398     0.002513        18.81    1     nullC_69 
   1     nullA_92            4          398      0.01005        11.77    1   disease_39 
   1     nullA_93            0          398            0        8.165    1   disease_23 
   1     nullA_94            0          398            0        8.891    1     nullC_69 
   1     nullA_95            0          398            0        8.674    1   disease_81 
   1     nullA_96            0          398            0        12.86    1      nullA_4 
   1     nullA_97            4          398      0.01005        19.07    1   disease_51 
   1     nullA_98            1          398     0.002513        13.55    1     nullB_60 
   1     nullA_99            1          398     0.002513        10.39    1   disease_74 
   1      nullB_0            1          398     0.002513        14.24    1     nullB_48 
   1      nullB_1            4          398      0.01005        20.79    1     nullC_63 
   1      nullB_2            2          398     0.005025        26.07    1     nullC_43 
   1      nullB_3            1          398     0.002513        14.79    1     nullB_56 
   1      nullB_4            0          398            0        13.15    1   disease_51 
   1      nullB_5            0          398            0        12.36    1      nullC_1 
   1      nullB_6            3          398     0.007538        18.24    1   disease_34 
   1      nullB_7            2          398     0.005025        14.63    1   disease_83 
   1      nullB_8            4          398      0.01005        15.42    1     nullC_39 
   1      nullB_9            0          398            0        10.98    1    disease_9 
   1     nullB_10            2          398     0.005025        15.41    1   disease_51 
   1     nullB_11            2          398     0.005025        17.75    1   disease_57 
   1     nullB_12            2          398     0.005025        16.18    1     nullC_78 
   1     nullB_13            1          398     0.002513        15.23    1      nullC_1 
   1     nullB_14            0          398            0        11.96    1     nullB_22 
   1     nullB_15            4          398      0.01005        15.77    1      nullC_5 
   1     nullB_16            1          398     0.002513        16.31    1   disease_77 
   1     nullB_17            0          398            0        12.34    1     nullC_78 
   1     nullB_18            1          398     0.002513        19.71    1     nullC_82 
   1     nullB_19            1          398     0.002513         13.9    1     nullA_70 
   1     nullB_20            2          398     0.005025        22.95    1   disease_91 
   1     nullB_21            0          398            0        11.36    1   disease_26 
   1     nullB_22            2          398     0.005025        19.71    1      nullA_8 
   1     nullB_23            2          398     0.005025        15.77    1   disease_12 
   1     nullB_24            1          398     0.002513        15.19    1   disease_69 
   1     nullB_25            1          398     0.002513        16.59    1   disease_31 
   1     nullB_26            0          398            0        13.21    1     nullC_49 
   1     nullB_27            2          398     0.005025        19.03    1     nullC_28 
   1     nullB_28            3          398     0.007538        15.26    1     nullC_10 
   1     nullB_29            0          398            0        12.55    1   disease_39 
   1     nullB_30            2          398     0.005025        20.47    1   disease_96 
   1     nullB_31            0          398            0        12.25    1     nullA_34 
   1     nullB_32            4          398      0.01005        17.13    1   disease_70 
   1     nullB_33            1          398     0.002513        16.83    1      nullC_8 
   1     nullB_34            2          398     0.005025        13.89    1   disease_63 
   1     nullB_35            3          398     0.007538        15.46    1   disease_53 
   1     nullB_36            1          398     0.002513        13.44    1   disease_89 
   1     nullB_37            0          398            0        11.94    1   disease_40 
   1     nullB_38            1          398     0.002513        15.24    1     nullC_40 
   1     nullB_39            0          398            0        10.19    1     nullC_76 
   1     nullB_40            2          398     0.005025        15.25    1      nullB_1 
   1     nullB_41            4          398      0.01005         17.8    1   disease_85 
   1     nullB_42            0          398            0        11.82    1     nullB_50 
   1     nullB_43            2          398     0.005025        17.45    1     nullC_81 
   1     nullB_44            1          398     0.002513         14.5    1   disease_71 
   1     nullB_45            5          398      0.01256        16.45    1     nullC_39 
   1     nullB_46            2          398     0.005025        15.56    1   disease_78 
   1     nullB_47            1          398     0.002513        11.38    1     nullB_32 
   1     nullB_48            5          398      0.01256        16.07    1     nullC_50 
   1     nullB_49            5          398      0.01256        16.58    1     nullA_19 
   1     nullB_50            4          398      0.01005        15.29    1   disease_98 
   1     nullB_51            0          398            0        12.99    1     nullC_90 
   1     nullB_52            1          398     0.002513         13.8    1     nullC_84 
   1     nullB_53            5          398      0.01256         14.8    1      nullC_3 
   1     nullB_54            3          398     0.007538        14.61    1   disease_33 
   1     nullB_55            1          398     0.002513        21.54    1      nullC_2 
   1     nullB_56            1          398     0.002513        14.79    1      nullB_3 
   1     nullB_57            1          398     0.002513        12.51    1     nullC_13 
   1     nullB_58            2          398     0.005025        15.33    1     nullC_76 
   1     nullB_59            1          398     0.002513        13.68    1     nullB_73 
   1     nullB_60            2          398     0.005025        17.88    1     nullC_48 
   1     nullB_61            3          398     0.007538        14.88    1   disease_80 
   1     nullB_62            1          398     0.002513        13.51    1     nullC_42 
   1     nullB_63            2          398     0.005025        16.85    1   disease_51 
   1     nullB_64            2          398     0.005025         16.4    1     nullC_25 
   1     nullB_65            1          398     0.002513        13.75    1     nullC_68 
   1     nullB_66            0          398            0        11.83    1   disease_51 
   1     nullB_67            2          398     0.005025        15.97    1     nullC_26 
   1     nullB_68            0          398            0        11.62    1     nullB_18 
   1     nullB_69            1          398     0.002513        13.48    1   disease_67 
   1     nullB_70            1          398     0.002513        13.94    1     nullC_72 
   1     nullB_71            1          398     0.002513        13.84    1     nullC_20 
   1     nullB_72            2          398     0.005025        15.05    1    disease_4 
   1     nullB_73            3          398     0.007538        15.31    1     nullB_97 
   1     nullB_74            2          398     0.005025        16.13    1   disease_88 
   1     nullB_75            7          398      0.01759        14.85    1     nullC_14 
   1     nullB_76            0          398            0        12.29    1   disease_39 
   1     nullB_77            2          398     0.005025        16.08    1     nullC_81 
   1     nullB_78            2          398     0.005025         14.6    1   disease_68 
   1     nullB_79            0          398            0        12.97    1     nullB_97 
   1     nullB_80            0          398            0        11.58    1     nullC_45 
   1     nullB_81            3          398     0.007538        14.24    1     nullC_64 
   1     nullB_82            1          398     0.002513        19.48    1   disease_58 
   1     nullB_83            2          398     0.005025        21.37    1   disease_92 
   1     nullB_84            2          398     0.005025        13.29    1    disease_2 
   1     nullB_85            1          398     0.002513        13.91    1   disease_43 
   1     nullB_86            2          398     0.005025        14.76    1   disease_75 
   1     nullB_87            0          398            0        13.23    1     nullA_51 
   1     nullB_88            2          398     0.005025        16.08    1     nullC_48 
   1     nullB_89            0          398            0        10.93    1    disease_7 
   1     nullB_90            1          398     0.002513        14.84    1   disease_61 
   1     nullB_91            1          398     0.002513         15.2    1   disease_88 
   1     nullB_92            0          398            0        11.75    1   disease_78 
   1     nullB_93            1          398     0.002513        14.06    1   disease_19 
   1     nullB_94            3          398     0.007538        15.71    1     nullC_91 
   1     nullB_95            3          398     0.007538         13.9    1    disease_8 
   1     nullB_96            1          398     0.002513        13.44    1     nullC_88 
   1     nullB_97            4          398      0.01005        17.83    1   disease_86 
   1     nullB_98            1          398     0.002513        17.42    1     nullC_14 
   1     nullB_99            2          398     0.005025        15.18    1      nullC_0 
   1      nullC_0            4          398      0.01005        15.36    1     nullA_48 
   1      nullC_1            5          398      0.01256        18.94    1   disease_72 
   1      nullC_2            3          398     0.007538        21.54    1     nullB_55 
   1      nullC_3            2          398     0.005025        16.36    1   disease_81 
   1      nullC_4            2          398     0.005025         15.8    1   disease_57 
   1      nullC_5            3          398     0.007538        17.31    1   disease_31 
   1      nullC_6            2          398     0.005025        13.11    1     nullC_39 
   1      nullC_7            2          398     0.005025        14.01    1   disease_54 
   1      nullC_8            2          398     0.005025        16.83    1     nullB_33 
   1      nullC_9            0          398            0        12.86    1   disease_58 
   1     nullC_10            5          398      0.01256        15.66    1     nullC_24 
   1     nullC_11            3          398     0.007538        15.17    1     nullB_45 
   1     nullC_12            3          398     0.007538        15.72    1     nullC_23 
   1     nullC_13            4          398      0.01005        14.87    1     nullC_71 
   1     nullC_14            6          398      0.01508        17.42    1     nullB_98 
   1     nullC_15            6          398      0.01508        16.75    1    disease_2 
   1     nullC_16            2          398     0.005025        18.57    1   disease_70 
   1     nullC_17            2          398     0.005025        16.72    1   disease_80 
   1     nullC_18            1          398     0.002513        12.57    1   disease_66 
   1     nullC_19            3          398     0.007538        17.42    1   disease_77 
   1     nullC_20            1          398     0.002513        13.84    1     nullB_71 
   1     nullC_21            4          398      0.01005        18.39    1   disease_96 
   1     nullC_22            3          398     0.007538        14.74    1     nullC_38 
   1     nullC_23            3          398     0.007538        18.05    1   disease_31 
   1     nullC_24            7          398      0.01759        17.31    1   disease_10 
   1     nullC_25            1          398     0.002513         16.4    1     nullB_64 
   1     nullC_26            6          398      0.01508        16.32    1   disease_42 
   1     nullC_27            2          398     0.005025        15.35    1     nullC_42 
   1     nullC_28            5          398      0.01256        19.03    1     nullB_27 
   1     nullC_29            1          398     0.002513        12.57    1     nullB_36 
   1     nullC_30            2          398     0.005025        14.61    1   disease_53 
   1     nullC_31            5          398      0.01256        21.87    1   disease_83 
   1     nullC_32            4          398      0.01005        13.58    1     nullB_95 
   1     nullC_33            5          398      0.01256           18    1   disease_58 
   1     nullC_34            4          398      0.01005        17.82    1   disease_46 
   1     nullC_35            1          398     0.002513        14.21    1     nullC_83 
   1     nullC_36            2          398     0.005025        13.58    1     nullB_54 
   1     nullC_37            0          398            0        12.86    1   disease_17 
   1     nullC_38            2          398     0.005025        14.74    1     nullC_22 
   1     nullC_39            2          398     0.005025        16.45    1     nullB_45 
   1     nullC_40            7          398      0.01759        16.23    1   disease_12 
   1     nullC_41            0          398            0        12.88    1     nullB_43 
   1     nullC_42            3          398     0.007538        15.35    1     nullC_27 
   1     nullC_43            5          398      0.01256        26.07    1      nullB_2 
   1     nullC_44            1          398     0.002513         13.4    1   disease_77 
   1     nullC_45            3          398     0.007538        14.08    1     nullA_44 
   1     nullC_46            1          398     0.002513        14.61    1   disease_79 
   1     nullC_47            1          398     0.002513         19.6    1     nullC_60 
   1     nullC_48            2          398     0.005025        17.88    1     nullB_60 
   1     nullC_49            4          398      0.01005        19.57    1   disease_41 
   1     nullC_50            3          398     0.007538        16.07    1     nullB_48 
   1     nullC_51            1          398     0.002513        18.62    1   disease_56 
   1     nullC_52            4          398      0.01005        15.57    1     nullC_15 
   1     nullC_53            1          398     0.002513        16.96    1     nullC_31 
   1     nullC_54            2          398     0.005025        14.89    1   disease_86 
   1     nullC_55            1          398     0.002513        13.84    1   disease_62 
   1     nullC_56            2          398     0.005025        19.88    1    disease_8 
   1     nullC_57            1          398     0.002513        13.34    1   disease_90 
   1     nullC_58            5          398      0.01256        16.58    1   disease_48 
   1     nullC_59            2          398     0.005025        15.17    1     nullA_53 
   1     nullC_60            3          398     0.007538         19.6    1     nullC_47 
   1     nullC_61            1          398     0.002513         25.6    1   disease_18 
   1     nullC_62            0          398            0        12.76    1   disease_21 
   1     nullC_63            5          398      0.01256        20.79    1      nullB_1 
   1     nullC_64            5          398      0.01256        15.98    1     nullC_70 
   1     nullC_65            0          398            0         12.5    1   disease_62 
   1     nullC_66            2          398     0.005025        15.04    1     nullB_41 
   1     nullC_67            1          398     0.002513        15.34    1   disease_59 
   1     nullC_68            3          398     0.007538        18.05    1     nullA_73 
   1     nullC_69            3          398     0.007538        18.81    1     nullA_91 
   1     nullC_70            2          398     0.005025        15.98    1     nullC_64 
   1     nullC_71            1          398     0.002513        14.87    1     nullC_13 
   1     nullC_72            4          398      0.01005        15.18    1   disease_18 
   1     nullC_73            1          398     0.002513        12.24    1     nullC_37 
   1     nullC_74            5          398      0.01256         17.3    1   disease_49 
   1     nullC_75            2          398     0.005025        14.17    1     nullB_75 
   1     nullC_76            2          398     0.005025        15.33    1     nullB_58 
   1     nullC_77            1          398     0.002513        13.33    1     nullC_74 
   1     nullC_78            3          398     0.007538        16.18    1     nullB_12 
   1     nullC_79            2          398     0.005025        15.59    1   disease_93 
   1     nullC_80            5          398      0.01256        26.97    1   disease_87 
   1     nullC_81            4          398      0.01005        17.45    1     nullB_43 
   1     nullC_82            2          398     0.005025        19.71    1     nullB_18 
   1     nullC_83            3          398     0.007538        17.41    1   disease_90 
   1     nullC_84            4          398      0.01005        17.99    1   disease_36 
   1     nullC_85            1          398     0.002513        14.59    1   disease_72 
   1     nullC_86            0          398            0        12.84    1    disease_5 
   1     nullC_87            1          398     0.002513        14.87    1     nullC_56 
   1     nullC_88            3          398     0.007538        14.54    1   disease_90 
   1     nullC_89            5          398      0.01256        22.08    1   disease_91 
   1     nullC_90            2          398     0.005025        16.67    1   disease_94 
   1     nullC_91            2          398     0.005025        15.71    1     nullB_94 
   1     nullC_92            4          398      0.01005        15.46    1   disease_71 
   1     nullC_93            1          398     0.002513        13.44    1     nullC_94 
   1     nullC_94            2          398     0.005025         16.3    1   disease_35 
   1     nullC_95            4          398      0.01005        15.34    1     nullC_89 
   1     nullC_96            1          398     0.002513        13.91    1   disease_46 
   1     nullC_97            0          398            0        11.74    1     nullC_91 
   1     nullC_98            3          398     0.007538        13.87    1    disease_2 
   1     nullC_99            3          398     0.007538        14.48    1   disease_21 
   1    disease_0            4          398      0.01005        18.01    1   disease_60 
   1    disease_1            5          398      0.01256        18.99    1   disease_74 
   1    disease_2            5          398      0.01256        16.75    1     nullC_15 
   1    disease_3            4          398      0.01005        15.74    1     nullC_80 
   1    disease_4            4          398      0.01005        16.41    1   disease_53 
   1    disease_5            0          398            0        13.09    1      nullC_8 
   1    disease_6            1          398     0.002513        14.57    1     nullB_49 
   1    disease_7            4          398      0.01005        15.85    1   disease_46 
   1    disease_8            5          398      0.01256        19.88    1     nullC_56 
   1    disease_9            5          398      0.01256        22.53    1   disease_56 
   1   disease_10            1          398     0.002513        17.31    1     nullC_24 
   1   disease_11            0          398            0           13    1     nullC_55 
   1   disease_12            7          398      0.01759        16.23    1     nullC_40 
   1   disease_13            4          398      0.01005        15.31    1   disease_37 
   1   disease_14            1          398     0.002513        13.34    1   disease_43 
   1   disease_15            8          398       0.0201        18.89    1   disease_56 
   1   disease_16            6          398      0.01508        17.76    1   disease_35 
   1   disease_17            4          398      0.01005        16.66    1   disease_30 
   1   disease_18           11          398      0.02764         25.6    1     nullC_61 
   1   disease_19            5          398      0.01256        18.42    1   disease_43 
   1   disease_20            3          398     0.007538        14.32    1   disease_56 
   1   disease_21            3          398     0.007538        17.16    1   disease_96 
   1   disease_22            8          398       0.0201        17.98    1   disease_48 
   1   disease_23            3          398     0.007538        17.63    1   disease_37 
   1   disease_24            6          398      0.01508        19.17    1   disease_56 
   1   disease_25            7          398      0.01759        14.93    1   disease_24 
   1   disease_26            5          398      0.01256        21.84    1   disease_18 
   1   disease_27            4          398      0.01005        16.91    1     nullB_30 
   1   disease_28            5          398      0.01256        10.76    1     nullC_38 
   1   disease_29            2          398     0.005025        15.06    1   disease_24 
   1   disease_30            3          398     0.007538         16.8    1   disease_41 
   1   disease_31            9          398      0.02261        18.05    1     nullC_23 
   1   disease_32            9          398      0.02261        16.18    1     nullC_26 
   1   disease_33            4          398      0.01005        21.38    1   disease_79 
   1   disease_34            8          398       0.0201        22.87    1   disease_62 
   1   disease_35            7          398      0.01759        17.76    1   disease_16 
   1   disease_36            4          398      0.01005        17.99    1     nullC_84 
   1   disease_37            3          398     0.007538        17.63    1   disease_23 
   1   disease_38            0          398            0         9.88    1   disease_69 
   1   disease_39            4          398      0.01005        19.13    1     nullA_28 
   1   disease_40            0          398            0        11.94    1     nullB_37 
   1   disease_41            6          398      0.01508        19.57    1     nullC_49 
   1   disease_42            6          398      0.01508        16.47    1   disease_46 
   1   disease_43            9          398      0.02261        18.42    1   disease_19 
   1   disease_44            2          398     0.005025        11.04    1     nullB_83 
   1   disease_45            2          398     0.005025        15.74    1     nullB_11 
   1   disease_46            6          398      0.01508        17.82    1     nullC_34 
   1   disease_47            0          398            0        13.09    1     nullC_81 
   1   disease_48            5          398      0.01256        17.98    1   disease_22 
   1   disease_49            7          398      0.01759        17.65    1   disease_15 
   1   disease_50            6          398      0.01508        13.72    1     nullA_30 
   1   disease_51            8          398       0.0201        20.14    1   disease_89 
   1   disease_52            0          398            0        12.55    1     nullC_67 
   1   disease_53            6          398      0.01508        17.43    1     nullA_82 
   1   disease_54            6          398      0.01508        18.35    1   disease_66 
   1   disease_55            3          398     0.007538        16.29    1   disease_35 
   1   disease_56           15          398      0.03769         24.6    1   disease_74 
   1   disease_57            7          398      0.01759        17.75    1     nullB_11 
   1   disease_58            9          398      0.02261        20.61    1   disease_62 
   1   disease_59            7          398      0.01759        15.34    1     nullC_67 
   1   disease_60            5          398      0.01256        18.01    1    disease_0 
   1   disease_61            3          398     0.007538        16.54    1   disease_89 
   1   disease_62            5          398      0.01256        22.87    1   disease_34 
   1   disease_63            3          398     0.007538        17.18    1   disease_24 
   1   disease_64            9          398      0.02261        20.07    1   disease_56 
   1   disease_65            1          398     0.002513        9.555    1     nullC_58 
   1   disease_66            7          398      0.01759        21.86    1   disease_87 
   1   disease_67            8          398       0.0201        15.77    1   disease_94 
   1   disease_68            3          398     0.007538         14.6    1     nullB_78 
   1   disease_69            4          398      0.01005        15.19    1     nullB_24 
   1   disease_70            9          398      0.02261        18.57    1     nullC_16 
   1   disease_71            8          398       0.0201        20.71    1   disease_78 
   1   disease_72            7          398      0.01759         20.2    1   disease_77 
   1   disease_73            1          398     0.002513        13.97    1     nullC_45 
   1   disease_74            5          398      0.01256         24.6    1   disease_56 
   1   disease_75            6          398      0.01508        19.39    1     nullA_41 
   1   disease_76            2          398     0.005025        15.35    1     nullA_45 
   1   disease_77           11          398      0.02764         20.2    1   disease_72 
   1   disease_78            6          398      0.01508        20.71    1   disease_71 
   1   disease_79            6          398      0.01508        21.38    1   disease_33 
   1   disease_80            7          398      0.01759         18.3    1   disease_93 
   1   disease_81            3          398     0.007538        16.36    1      nullC_3 
   1   disease_82            2          398     0.005025        15.08    1   disease_90 
   1   disease_83            7          398      0.01759        21.87    1     nullC_31 
   1   disease_84            2          398     0.005025        19.97    1     nullC_43 
   1   disease_85            1          398     0.002513         17.8    1     nullB_41 
   1   disease_86            9          398      0.02261        17.83    1     nullB_97 
   1   disease_87            6          398      0.01508        26.97    1     nullC_80 
   1   disease_88            7          398      0.01759        16.74    1   disease_66 
   1   disease_89            9          398      0.02261        20.14    1   disease_51 
   1   disease_90            8          398       0.0201         17.7    1   disease_58 
   1   disease_91            6          398      0.01508        22.95    1     nullB_20 
   1   disease_92            2          398     0.005025        21.37    1     nullB_83 
   1   disease_93            5          398      0.01256         18.3    1   disease_80 
   1   disease_94            3          398     0.007538        16.67    1     nullC_90 
   1   disease_95            1          398     0.002513        11.55    1     nullC_12 
   1   disease_96            7          398      0.01759        20.47    1     nullB_30 
   1   disease_97            4          398      0.01005        16.08    1     nullA_14 
   1   disease_98            5          398      0.01256        15.29    1     nullB_50 
   1   disease_99            4          398      0.01005        15.39    1     nullB_49 
